------------------------------------------------------------
TimeQuest Timing Analyzer Summary
------------------------------------------------------------

Type  : Slow 1200mV 85C Model Setup 'P0|altpll_0|sd1|pll7|clk[0]'
Slack : -1.029
TNS   : -83.932

Type  : Slow 1200mV 85C Model Setup 'CLOCK_50'
Slack : 16.418
TNS   : 0.000

Type  : Slow 1200mV 85C Model Setup 'altera_reserved_tck'
Slack : 45.067
TNS   : 0.000

Type  : Slow 1200mV 85C Model Hold 'P0|altpll_0|sd1|pll7|clk[0]'
Slack : 0.324
TNS   : 0.000

Type  : Slow 1200mV 85C Model Hold 'CLOCK_50'
Slack : 0.402
TNS   : 0.000

Type  : Slow 1200mV 85C Model Hold 'altera_reserved_tck'
Slack : 0.402
TNS   : 0.000

Type  : Slow 1200mV 85C Model Recovery 'P0|altpll_0|sd1|pll7|clk[0]'
Slack : 2.599
TNS   : 0.000

Type  : Slow 1200mV 85C Model Recovery 'CLOCK_50'
Slack : 17.928
TNS   : 0.000

Type  : Slow 1200mV 85C Model Recovery 'altera_reserved_tck'
Slack : 48.026
TNS   : 0.000

Type  : Slow 1200mV 85C Model Removal 'CLOCK_50'
Slack : 1.198
TNS   : 0.000

Type  : Slow 1200mV 85C Model Removal 'altera_reserved_tck'
Slack : 1.244
TNS   : 0.000

Type  : Slow 1200mV 85C Model Removal 'P0|altpll_0|sd1|pll7|clk[0]'
Slack : 2.488
TNS   : 0.000

Type  : Slow 1200mV 85C Model Minimum Pulse Width 'P0|altpll_0|sd1|pll7|clk[1]'
Slack : 2.780
TNS   : 0.000

Type  : Slow 1200mV 85C Model Minimum Pulse Width 'sdram_clk'
Slack : 2.783
TNS   : 0.000

Type  : Slow 1200mV 85C Model Minimum Pulse Width 'P0|altpll_0|sd1|pll7|clk[0]'
Slack : 2.990
TNS   : 0.000

Type  : Slow 1200mV 85C Model Minimum Pulse Width 'CLOCK_50'
Slack : 9.683
TNS   : 0.000

Type  : Slow 1200mV 85C Model Minimum Pulse Width 'CLOCK2_50'
Slack : 16.000
TNS   : 0.000

Type  : Slow 1200mV 85C Model Minimum Pulse Width 'CLOCK3_50'
Slack : 16.000
TNS   : 0.000

Type  : Slow 1200mV 85C Model Minimum Pulse Width 'altera_reserved_tck'
Slack : 49.546
TNS   : 0.000

Type  : Slow 1200mV 0C Model Setup 'P0|altpll_0|sd1|pll7|clk[0]'
Slack : -0.437
TNS   : -2.547

Type  : Slow 1200mV 0C Model Setup 'CLOCK_50'
Slack : 16.737
TNS   : 0.000

Type  : Slow 1200mV 0C Model Setup 'altera_reserved_tck'
Slack : 45.648
TNS   : 0.000

Type  : Slow 1200mV 0C Model Hold 'P0|altpll_0|sd1|pll7|clk[0]'
Slack : 0.325
TNS   : 0.000

Type  : Slow 1200mV 0C Model Hold 'CLOCK_50'
Slack : 0.354
TNS   : 0.000

Type  : Slow 1200mV 0C Model Hold 'altera_reserved_tck'
Slack : 0.354
TNS   : 0.000

Type  : Slow 1200mV 0C Model Recovery 'P0|altpll_0|sd1|pll7|clk[0]'
Slack : 3.043
TNS   : 0.000

Type  : Slow 1200mV 0C Model Recovery 'CLOCK_50'
Slack : 18.124
TNS   : 0.000

Type  : Slow 1200mV 0C Model Recovery 'altera_reserved_tck'
Slack : 48.326
TNS   : 0.000

Type  : Slow 1200mV 0C Model Removal 'CLOCK_50'
Slack : 1.094
TNS   : 0.000

Type  : Slow 1200mV 0C Model Removal 'altera_reserved_tck'
Slack : 1.148
TNS   : 0.000

Type  : Slow 1200mV 0C Model Removal 'P0|altpll_0|sd1|pll7|clk[0]'
Slack : 2.214
TNS   : 0.000

Type  : Slow 1200mV 0C Model Minimum Pulse Width 'P0|altpll_0|sd1|pll7|clk[1]'
Slack : 2.780
TNS   : 0.000

Type  : Slow 1200mV 0C Model Minimum Pulse Width 'sdram_clk'
Slack : 2.783
TNS   : 0.000

Type  : Slow 1200mV 0C Model Minimum Pulse Width 'P0|altpll_0|sd1|pll7|clk[0]'
Slack : 2.990
TNS   : 0.000

Type  : Slow 1200mV 0C Model Minimum Pulse Width 'CLOCK_50'
Slack : 9.691
TNS   : 0.000

Type  : Slow 1200mV 0C Model Minimum Pulse Width 'CLOCK2_50'
Slack : 16.000
TNS   : 0.000

Type  : Slow 1200mV 0C Model Minimum Pulse Width 'CLOCK3_50'
Slack : 16.000
TNS   : 0.000

Type  : Slow 1200mV 0C Model Minimum Pulse Width 'altera_reserved_tck'
Slack : 49.476
TNS   : 0.000

Type  : Fast 1200mV 0C Model Setup 'P0|altpll_0|sd1|pll7|clk[0]'
Slack : 2.868
TNS   : 0.000

Type  : Fast 1200mV 0C Model Setup 'CLOCK_50'
Slack : 18.267
TNS   : 0.000

Type  : Fast 1200mV 0C Model Setup 'altera_reserved_tck'
Slack : 47.887
TNS   : 0.000

Type  : Fast 1200mV 0C Model Hold 'P0|altpll_0|sd1|pll7|clk[0]'
Slack : 0.123
TNS   : 0.000

Type  : Fast 1200mV 0C Model Hold 'altera_reserved_tck'
Slack : 0.179
TNS   : 0.000

Type  : Fast 1200mV 0C Model Hold 'CLOCK_50'
Slack : 0.181
TNS   : 0.000

Type  : Fast 1200mV 0C Model Recovery 'P0|altpll_0|sd1|pll7|clk[0]'
Slack : 4.667
TNS   : 0.000

Type  : Fast 1200mV 0C Model Recovery 'CLOCK_50'
Slack : 18.926
TNS   : 0.000

Type  : Fast 1200mV 0C Model Recovery 'altera_reserved_tck'
Slack : 49.346
TNS   : 0.000

Type  : Fast 1200mV 0C Model Removal 'CLOCK_50'
Slack : 0.559
TNS   : 0.000

Type  : Fast 1200mV 0C Model Removal 'altera_reserved_tck'
Slack : 0.579
TNS   : 0.000

Type  : Fast 1200mV 0C Model Removal 'P0|altpll_0|sd1|pll7|clk[0]'
Slack : 1.336
TNS   : 0.000

Type  : Fast 1200mV 0C Model Minimum Pulse Width 'P0|altpll_0|sd1|pll7|clk[1]'
Slack : 2.990
TNS   : 0.000

Type  : Fast 1200mV 0C Model Minimum Pulse Width 'sdram_clk'
Slack : 2.993
TNS   : 0.000

Type  : Fast 1200mV 0C Model Minimum Pulse Width 'P0|altpll_0|sd1|pll7|clk[0]'
Slack : 3.245
TNS   : 0.000

Type  : Fast 1200mV 0C Model Minimum Pulse Width 'CLOCK_50'
Slack : 9.267
TNS   : 0.000

Type  : Fast 1200mV 0C Model Minimum Pulse Width 'CLOCK2_50'
Slack : 16.000
TNS   : 0.000

Type  : Fast 1200mV 0C Model Minimum Pulse Width 'CLOCK3_50'
Slack : 16.000
TNS   : 0.000

Type  : Fast 1200mV 0C Model Minimum Pulse Width 'altera_reserved_tck'
Slack : 49.301
TNS   : 0.000

------------------------------------------------------------
